#-----------------------------------------------------------
# Vivado v2024.1 (64-bit)
# SW Build 5076996 on Wed May 22 18:37:14 MDT 2024
# IP Build 5075265 on Wed May 22 21:45:21 MDT 2024
# SharedData Build 5076995 on Wed May 22 18:29:18 MDT 2024
# Start of session at: Sun Apr 20 19:14:14 2025
# Process ID: 7208
# Current directory: C:/Users/NOTAMAC/CMPE140_LAB6_Finish/CMPE140_LAB6_Finish.runs/impl_1
# Command line: vivado.exe -log cpu.vdi -applog -product Vivado -messageDb vivado.pb -mode batch -source cpu.tcl -notrace
# Log file: C:/Users/NOTAMAC/CMPE140_LAB6_Finish/CMPE140_LAB6_Finish.runs/impl_1/cpu.vdi
# Journal file: C:/Users/NOTAMAC/CMPE140_LAB6_Finish/CMPE140_LAB6_Finish.runs/impl_1\vivado.jou
# Running On        :DESKTOP-86H2P8Q
# Platform          :Windows Server 2016 or Windows 10
# Operating System  :26100
# Processor Detail  :AMD Ryzen 5 3600X 6-Core Processor             
# CPU Frequency     :3800 MHz
# CPU Physical cores:6
# CPU Logical cores :12
# Host memory       :17101 MB
# Swap memory       :10200 MB
# Total Virtual     :27302 MB
# Available Virtual :14111 MB
#-----------------------------------------------------------
source cpu.tcl -notrace
